app/api/booking/appointments/route.ts(59,13): error TS2322: Type '{ clientId: string; branchId: any; customerId: any; serviceId: any; date: Date; notes: any; customerPhone: any; customerName: any; status: "SCHEDULED"; }' is not assignable to type '(Without<AppointmentCreateInput, AppointmentUncheckedCreateInput> & AppointmentUncheckedCreateInput) | (Without<...> & AppointmentCreateInput)'.
  Type '{ clientId: string; branchId: any; customerId: any; serviceId: any; date: Date; notes: any; customerPhone: any; customerName: any; status: "SCHEDULED"; }' is not assignable to type 'Without<AppointmentCreateInput, AppointmentUncheckedCreateInput> & AppointmentUncheckedCreateInput'.
    Property 'time' is missing in type '{ clientId: string; branchId: any; customerId: any; serviceId: any; date: Date; notes: any; customerPhone: any; customerName: any; status: "SCHEDULED"; }' but required in type 'AppointmentUncheckedCreateInput'.
app/api/booking/availability/route.ts(15,26): error TS2552: Cannot find name 'durationStr'. Did you mean 'duration'?
app/api/booking/availability/route.ts(15,49): error TS2552: Cannot find name 'durationStr'. Did you mean 'duration'?
app/api/booking/availability/route.ts(20,13): error TS18004: No value exists in scope for the shorthand property 'serviceId'. Either declare one or provide an initializer.
components/client/schedule/CalendarView.tsx(123,49): error TS2322: Type '(e: any) => void' is not assignable to type '() => void'.
  Target signature provides too few arguments. Expected 1 or more, but got 0.
components/client/schedule/CalendarView.tsx(123,59): error TS7006: Parameter 'e' implicitly has an 'any' type.
